
[1m[46m RUN [49m[22m [36mv4.0.18 [39m[90m/home/liske/projects/meal-swiper[39m
      [2mCoverage enabled with [22m[33mv8[39m

 [32m✓[39m __tests__/components/cooking/CookingView.test.tsx [2m([22m[2m13 tests[22m[2m)[22m[33m 371[2mms[22m[39m
 [32m✓[39m __tests__/components/SwipeView.test.tsx [2m([22m[2m10 tests[22m[2m)[22m[33m 371[2mms[22m[39m
 [32m✓[39m __tests__/components/SwipeViewExtra.test.tsx [2m([22m[2m9 tests[22m[2m)[22m[32m 258[2mms[22m[39m
 [32m✓[39m __tests__/components/CongratulationsToast.test.tsx [2m([22m[2m4 tests[22m[2m)[22m[32m 170[2mms[22m[39m
[90mstderr[2m | __tests__/hooks/useMeals.test.ts[2m > [22m[2museMeals[2m > [22m[2msets error when API returns error
[22m[39mError fetching meals: Error: API error: 500
    at [90m/home/liske/projects/meal-swiper/[39mhooks/useMeals.ts:16:31

[90mstderr[2m | __tests__/hooks/useMeals.test.ts[2m > [22m[2museMeals[2m > [22m[2msets error when fetch throws
[22m[39mError fetching meals: Error: Network error
    at [90m/home/liske/projects/meal-swiper/[39m__tests__/hooks/useMeals.test.ts:47:54
    at [90mfile:///home/liske/projects/meal-swiper/[39mnode_modules/[4m@vitest/runner[24m/dist/index.js:145:11
    at [90mfile:///home/liske/projects/meal-swiper/[39mnode_modules/[4m@vitest/runner[24m/dist/index.js:915:26
    at [90mfile:///home/liske/projects/meal-swiper/[39mnode_modules/[4m@vitest/runner[24m/dist/index.js:1243:20
    at new Promise (<anonymous>)
    at runWithTimeout [90m(file:///home/liske/projects/meal-swiper/[39mnode_modules/[4m@vitest/runner[24m/dist/index.js:1209:10[90m)[39m
    at [90mfile:///home/liske/projects/meal-swiper/[39mnode_modules/[4m@vitest/runner[24m/dist/index.js:1653:37
    at Traces.$ [90m(file:///home/liske/projects/meal-swiper/[39mnode_modules/[4mvitest[24m/dist/chunks/traces.CCmnQaNT.js:142:27[90m)[39m
    at trace [90m(file:///home/liske/projects/meal-swiper/[39mnode_modules/[4mvitest[24m/dist/chunks/test.B8ej_ZHS.js:239:21[90m)[39m
    at runTest [90m(file:///home/liske/projects/meal-swiper/[39mnode_modules/[4m@vitest/runner[24m/dist/index.js:1653:12[90m)[39m

 [32m✓[39m __tests__/hooks/useMeals.test.ts [2m([22m[2m5 tests[22m[2m)[22m[32m 222[2mms[22m[39m
 [32m✓[39m __tests__/components/MealModal.test.tsx [2m([22m[2m15 tests[22m[2m)[22m[32m 216[2mms[22m[39m
 [32m✓[39m __tests__/components/ShoppingListView.test.tsx [2m([22m[2m9 tests[22m[2m)[22m[32m 191[2mms[22m[39m
 [32m✓[39m __tests__/components/AppShell.test.tsx [2m([22m[2m12 tests[22m[2m)[22m[32m 184[2mms[22m[39m
 [32m✓[39m __tests__/hooks/useSettings.test.ts [2m([22m[2m11 tests[22m[2m)[22m[32m 185[2mms[22m[39m
 [32m✓[39m __tests__/components/plan/DayCard.test.tsx [2m([22m[2m20 tests[22m[2m)[22m[32m 64[2mms[22m[39m
 [32m✓[39m __tests__/hooks/useWeeklyPlan.test.ts [2m([22m[2m11 tests[22m[2m)[22m[32m 83[2mms[22m[39m
 [32m✓[39m __tests__/components/swipe/CategoryFilter.test.tsx [2m([22m[2m9 tests[22m[2m)[22m[32m 45[2mms[22m[39m
 [32m✓[39m __tests__/components/swipe/SwipeCard.test.tsx [2m([22m[2m8 tests[22m[2m)[22m[32m 40[2mms[22m[39m
[90mstderr[2m | __tests__/lib/context.test.tsx[2m > [22m[2mAppProvider handleSwipeRight[2m > [22m[2mcalls setMeal when swiping right on empty day
[22m[39mAn update to AppProvider inside a test was not wrapped in act(...).

When testing, code that causes React state updates should be wrapped into act(...):

act(() => {
  /* fire events that update state */
});
/* assert on the output */

This ensures that you're testing the behavior the user would see in the browser. Learn more at https://react.dev/link/wrap-tests-with-act

 [32m✓[39m __tests__/lib/context.test.tsx [2m([22m[2m11 tests[22m[2m)[22m[32m 45[2mms[22m[39m
 [32m✓[39m __tests__/components/CalendarView.test.tsx [2m([22m[2m4 tests[22m[2m)[22m[32m 41[2mms[22m[39m
 [32m✓[39m __tests__/components/cooking/RecipeSteps.test.tsx [2m([22m[2m9 tests[22m[2m)[22m[32m 37[2mms[22m[39m
 [32m✓[39m __tests__/components/Navigation.test.tsx [2m([22m[2m5 tests[22m[2m)[22m[32m 38[2mms[22m[39m
 [32m✓[39m __tests__/components/ui/DaySelector.test.tsx [2m([22m[2m9 tests[22m[2m)[22m[32m 46[2mms[22m[39m
 [32m✓[39m __tests__/components/cooking/CookingProgressBar.test.tsx [2m([22m[2m8 tests[22m[2m)[22m[32m 37[2mms[22m[39m
 [32m✓[39m __tests__/lib/shopping.test.ts [2m([22m[2m34 tests[22m[2m)[22m[32m 13[2mms[22m[39m
 [32m✓[39m __tests__/components/ui/LoadingSpinner.test.tsx [2m([22m[2m3 tests[22m[2m)[22m[32m 21[2mms[22m[39m
 [32m✓[39m __tests__/components/ui/AmountBadge.test.tsx [2m([22m[2m4 tests[22m[2m)[22m[32m 23[2mms[22m[39m
 [32m✓[39m __tests__/hooks/useSwipeState.test.ts [2m([22m[2m7 tests[22m[2m)[22m[32m 17[2mms[22m[39m
 [32m✓[39m __tests__/hooks/useWeekDates.test.ts [2m([22m[2m5 tests[22m[2m)[22m[32m 16[2mms[22m[39m
 [32m✓[39m __tests__/lib/recipe-extended.test.ts [2m([22m[2m15 tests[22m[2m)[22m[32m 6[2mms[22m[39m
 [32m✓[39m __tests__/lib/recipe.test.ts [2m([22m[2m11 tests[22m[2m)[22m[32m 6[2mms[22m[39m
[90mstdout[2m | __tests__/scripts/generate-meals.test.js[2m > [22m[2mgenerate-meals logic[2m > [22m[2mdeduplication[2m > [22m[2mremoves meals that exist in existing names
[22m[39m🔄 Odrzucono duplikaty: Pasta Carbonara

[90mstdout[2m | __tests__/scripts/generate-meals.test.js[2m > [22m[2mgenerate-meals logic[2m > [22m[2mdeduplication[2m > [22m[2mremoves duplicates within the same batch
[22m[39m🔄 Odrzucono duplikaty: Pasta Carbonara

[90mstdout[2m | __tests__/scripts/generate-meals.test.js[2m > [22m[2mgenerate-meals logic[2m > [22m[2mdeduplication[2m > [22m[2mnormalizes names (case insensitive, removes combining accents)
[22m[39m🔄 Odrzucono duplikaty: Sałatka Grecka

[90mstdout[2m | __tests__/scripts/generate-meals.test.js[2m > [22m[2mgenerate-meals logic[2m > [22m[2mdeduplication[2m > [22m[2mcase insensitive matching
[22m[39m🔄 Odrzucono duplikaty: PIZZA MARGHERITA

 [32m✓[39m __tests__/scripts/generate-meals.test.js [2m([22m[2m7 tests[22m[2m)[22m[32m 5[2mms[22m[39m
 [32m✓[39m __tests__/lib/db.test.ts [2m([22m[2m8 tests[22m[2m)[22m[32m 6[2mms[22m[39m
 [32m✓[39m __tests__/lib/scaling.test.ts [2m([22m[2m32 tests[22m[2m)[22m[32m 5[2mms[22m[39m
 [32m✓[39m __tests__/lib/utils.test.ts [2m([22m[2m12 tests[22m[2m)[22m[32m 5[2mms[22m[39m
 [32m✓[39m __tests__/lib/utils-extended.test.ts [2m([22m[2m19 tests[22m[2m)[22m[32m 4[2mms[22m[39m
 [32m✓[39m __tests__/lib/storage.test.ts [2m([22m[2m5 tests[22m[2m)[22m[32m 3[2mms[22m[39m
 [32m✓[39m __tests__/scripts/image-gen.test.js [2m([22m[2m3 tests[22m[2m)[22m[32m 2[2mms[22m[39m
 [32m✓[39m __tests__/lib/discrete_scaling.test.ts [2m([22m[2m2 tests[22m[2m)[22m[32m 3[2mms[22m[39m

[2m Test Files [22m [1m[32m34 passed[39m[22m[90m (34)[39m
[2m      Tests [22m [1m[32m349 passed[39m[22m[90m (349)[39m
[2m   Start at [22m 23:02:15
[2m   Duration [22m 22.10s[2m (transform 370ms, setup 1.30s, import 1.24s, tests 2.78s, environment 10.90s)[22m

[34m % [39m[2mCoverage report from [22m[33mv8[39m
-------------------|---------|----------|---------|---------|-------------------
File               | % Stmts | % Branch | % Funcs | % Lines | Uncovered Line #s 
-------------------|---------|----------|---------|---------|-------------------
All files          |      90 |    81.41 |   85.88 |   92.14 |                   
 components        |   85.76 |    79.76 |      80 |   88.12 |                   
  AppShell.tsx     |     100 |      100 |     100 |     100 |                   
  CalendarView.tsx |   83.33 |      100 |   66.66 |   83.33 | 50                
  ...ionsToast.tsx |   87.09 |     87.5 |   66.66 |      92 | 27-28             
  MealModal.tsx    |   94.82 |       86 |    90.9 |   97.91 | 20                
  Navigation.tsx   |     100 |    83.33 |     100 |     100 | 96-109            
  ...gListView.tsx |   88.23 |    84.61 |      85 |      88 | 47-48,65-68       
  SwipeView.tsx    |   77.34 |    64.91 |   67.74 |    80.9 | ...32-237,279,350 
 ...onents/cooking |   90.62 |     90.9 |   82.35 |   96.29 |                   
  ...ogressBar.tsx |     100 |      100 |     100 |     100 |                   
  CookingView.tsx  |    87.5 |    85.29 |      75 |   94.73 | 134               
  RecipeSteps.tsx  |     100 |      100 |     100 |     100 |                   
 components/plan   |   87.17 |    96.29 |   84.61 |   86.11 |                   
  DayCard.tsx      |   87.17 |    96.29 |   84.61 |   86.11 | 162-163,214-216   
 components/swipe  |      88 |    93.75 |   81.81 |   91.66 |                   
  ...oryFilter.tsx |     100 |      100 |     100 |     100 |                   
  SwipeActions.tsx |     100 |      100 |     100 |     100 |                   
  SwipeCard.tsx    |      50 |      100 |      50 |      50 | 55                
  SwipeStack.tsx   |   84.61 |     87.5 |   66.66 |   91.66 | 93                
 components/ui     |   91.66 |     90.9 |   83.33 |   91.66 |                   
  AmountBadge.tsx  |     100 |      100 |     100 |     100 |                   
  DaySelector.tsx  |      90 |    90.47 |      75 |      90 | 54                
  ...ngSpinner.tsx |     100 |      100 |     100 |     100 |                   
 hooks             |   96.74 |    78.57 |    92.3 |   97.27 |                   
  useMeals.ts      |     100 |    66.66 |     100 |     100 | 18-21             
  useSettings.ts   |   91.66 |    78.57 |    92.3 |   93.02 | 81-88             
  useSwipeState.ts |     100 |      100 |     100 |     100 |                   
  useWeekDates.ts  |     100 |      100 |     100 |     100 |                   
  useWeeklyPlan.ts |     100 |     87.5 |   84.61 |     100 | 21                
 lib               |   91.06 |    78.06 |   91.66 |   93.51 |                   
  amounts.ts       |   87.03 |    74.41 |     100 |   89.79 | 80,102-105        
  context.tsx      |    75.4 |       55 |   73.33 |   78.43 | ...75,104,109-115 
  db.ts            |      75 |    79.41 |      75 |   72.72 | 100-108           
  recipe.ts        |   93.51 |    70.96 |     100 |   97.89 | 161,188           
  scaling.ts       |   93.47 |    91.42 |     100 |   93.02 | 85-88             
  shopping.ts      |   98.82 |    89.28 |     100 |     100 | ...97,328,340-343 
  storage.ts       |   93.33 |    83.33 |     100 |     100 | 17                
  utils.ts         |     100 |    83.33 |     100 |     100 | 20                
 scripts/lib       |     100 |      100 |     100 |     100 |                   
  dedup.js         |     100 |      100 |     100 |     100 |                   
-------------------|---------|----------|---------|---------|-------------------
